Task 6
------
I git command --amend a few times and I had a few typos but this is the one that actually worked

C:\Users\Marla\Desktop\CAAP-CS\Lab0>git commit --amend
[master d99a8d3] Adding Task 6
 Date: Mon Jul 2 20:30:21 2018 -0500
 1 file changed, 2 insertions(+), 1 deletion(-)

C:\Users\Marla\Desktop\CAAP-CS\Lab0>notepad tasks.txt

I googled "how to edit the commit message in git" and this website had the answer: https://help.github.com/articles/changing-a-commit-message/

Task 7
------
First I made a directory for the repository. 
Then, I did the command git clone https://github.com/junegunn/fzf.git
Then, I went into the new repository and did git log, and I only found one that had a message that related to a mouse: 

commit 0edbcbdf1909a6d3c56ae264362f11bc2bf9f65d
Author: Junegunn Choi <junegunn.c@gmail.com>
Date:   Mon Jun 25 19:07:12 2018 +0900

    Allow search query longer than the screen width

    By implementing horizontal scrolling of the prompt line.
    Maximum length is hard-coded to 300-chars.

    Close #1312

Task 8
------
I googled "how to tell changes made in git" and found the command on this webpage: https://stackoverflow.com/questions/4456532/how-can-i-see-what-has-changed-in-a-file-before-committing-to-git

C:\Users\Marla\Desktop\CAAP-CS\Lab0>git diff README.txt
diff --git a/Lab0/README.txt b/Lab0/README.txt
index aa139d5..e76029a 100644
--- a/Lab0/README.txt
+++ b/Lab0/README.txt
@@ -1,2 +1,5 @@
 Git is pretty cool
-Hopefully our last change...
\ No newline at end of file
+Hopefully our last change...^M
+^M
+Task 8^M
+------
\ No newline at end of file

    Fix #1225

Task 9
------
I found the command to use on this website: https://stackoverflow.com/questions/2047465/how-can-i-delete-a-file-from-git-repo

C:\Users\Marla\Desktop\CAAP-CS\Lab0>git rm mistake.txt
rm 'Lab0/mistake.txt'

Task 10
------
I found the command on https://stackoverflow.com/questions/10415565/how-to-revert-multiple-commits-as-part-of-a-single-commit/34146773

C:\Users\Marla\Desktop\CAAP-CS\Lab0>git revert b351d8dd845803f2ed70b6650a80f08c121d5ac0 8c5efd3fca77eba249626ea615e53634b971b318
[master d99a9cc] Revert "Task 10 other mistake"
 1 file changed, 1 deletion(-)
[master 29b79b4] Revert "Task 10"
 1 file changed, 1 deletion(-)
